QuestaSim qverilog 10.1d Compiler 2012.11 Nov  1 2012
C:\questasim_10.1d\win32\qverilog.exe ../top/top_module.sv +incdir+../agent +incdir+../env +incdir+../test +incdir+../rtl -y ../rtl 
** Note: (qverilog-2286) Using implicit +incdir+C:/questasim_10.1d/uvm-1.1c/../verilog_src/uvm-1.1c/src from import uvm_pkg
-- Compiling interface intf
-- Compiling package top_module_sv_unit
-- Importing package mtiUvm.uvm_pkg (uvm-1.1c Built-in)
-- Importing package test_pkg
-- Importing package env_pkg
-- Importing package agent_pkg
-- Compiling package agent_pkg
-- Compiling package env_pkg
-- Compiling package test_pkg
-- Compiling module PIPO
-- Compiling module adder
-- Compiling module vedic_2x2
-- Compiling module pe
-- Compiling module systolic_array_2x2
-- Compiling module mat_wrapper
-- Compiling interface intf
-- Compiling module top_module

Top level modules:
	top_module
+ C:\questasim_10.1d\win32/vsim -lib work top_module -c -do "run -all; quit -f" -appendlog -l qverilog.log -vopt
# vsim -appendlog -do {run -all; quit -f} -l qverilog.log -lib work -c -vopt top_module 
# ** Note: (vsim-3812) Design is being optimized...
# 
# //  Questa Sim
# //  Version 10.1d win32 Nov  1 2012
# //
# //  Copyright 1991-2012 Mentor Graphics Corporation
# //  All Rights Reserved.
# //
# //  THIS WORK CONTAINS TRADE SECRET AND PROPRIETARY INFORMATION
# //  WHICH IS THE PROPERTY OF MENTOR GRAPHICS CORPORATION OR ITS
# //  LICENSORS AND IS SUBJECT TO LICENSE TERMS.
# //
# Loading sv_std.std
# Loading mtiUvm.uvm_pkg(fast)
# Loading work.agent_pkg(fast)
# Loading work.env_pkg(fast)
# Loading work.test_pkg(fast)
# Loading work.top_module_sv_unit(fast)
# Loading work.top_module(fast)
# Loading mtiUvm.questa_uvm_pkg(fast)
# Loading C:/questasim_10.1d/uvm-1.1c\win32\uvm_dpi.dll
# run -all 
# ----------------------------------------------------------------
# UVM-1.1c
# (C) 2007-2012 Mentor Graphics Corporation
# (C) 2007-2012 Cadence Design Systems, Inc.
# (C) 2006-2012 Synopsys, Inc.
# (C) 2011-2012 Cypress Semiconductor Corp.
# ----------------------------------------------------------------
# 
#   ***********       IMPORTANT RELEASE NOTES         ************
# 
#   You are using a version of the UVM library that has been compiled
#   with `UVM_NO_DEPRECATED undefined.
#   See http://www.eda.org/svdb/view.php?id=3313 for more details.
# 
#   You are using a version of the UVM library that has been compiled
#   with `UVM_OBJECT_MUST_HAVE_CONSTRUCTOR undefined.
#   See http://www.eda.org/svdb/view.php?id=3770 for more details.
# 
#       (Specify +UVM_NO_RELNOTES to turn off this notice)
# 
# UVM_INFO verilog_src/questa_uvm_pkg-1.2/src/questa_uvm_pkg.sv(215) @ 0: reporter [Questa UVM] QUESTA_UVM-1.2
# UVM_INFO verilog_src/questa_uvm_pkg-1.2/src/questa_uvm_pkg.sv(217) @ 0: reporter [Questa UVM]  questa_uvm::init(+struct)
# UVM_INFO @ 0: reporter [RNTST] Running test integrated_test...
# UVM_INFO ../env/env.sv(22) @ 0: uvm_test_top.env_h [env] Build phase of ENVIRONMENT
# UVM_INFO ../agent/agent.sv(25) @ 0: uvm_test_top.env_h.agent_h [agent] Build phase of AGENT
# UVM_INFO ../agent/agent.sv(31) @ 0: uvm_test_top.env_h.agent_h [] GET IS SUCESSFULL IN AGENT OF CONFIG
# UVM_INFO ../agent/driver.sv(21) @ 0: uvm_test_top.env_h.agent_h.drv_h [driver] Build phase of DRIVER
# UVM_INFO ../agent/driver.sv(23) @ 0: uvm_test_top.env_h.agent_h.drv_h [driver] RECEIVED in DRIVER
# UVM_INFO ../agent/monitor.sv(26) @ 0: uvm_test_top.env_h.agent_h.mon_h [monitor] Build phase of MONITOR
# UVM_INFO ../agent/monitor.sv(28) @ 0: uvm_test_top.env_h.agent_h.mon_h [monitor] RECEIVED in MONITOR
# UVM_INFO ../env/scoreboard.sv(33) @ 0: uvm_test_top.env_h.sb_h [scoreboard] Build phase of scoreboard
# UVM_INFO ../agent/agent.sv(41) @ 0: uvm_test_top.env_h.agent_h [] CONNECTION drv to seq SUCCESSFULL
# UVM_INFO @ 0: reporter [UVMTOP] UVM testbench topology:
# --------------------------------------------------------------
# Name                       Type                    Size  Value
# --------------------------------------------------------------
# uvm_test_top               integrated_test         -     @514 
#   env_h                    env                     -     @522 
#     agent_h                agent                   -     @530 
#       drv_h                driver                  -     @696 
#         rsp_port           uvm_analysis_port       -     @713 
#         seq_item_port      uvm_seq_item_pull_port  -     @704 
#       mon_h                monitor                 -     @722 
#         mon_put_port       uvm_analysis_port       -     @730 
#       seqr_h               sequencer               -     @573 
#         rsp_export         uvm_analysis_export     -     @581 
#         seq_item_export    uvm_seq_item_pull_imp   -     @687 
#         arbitration_queue  array                   0     -    
#         lock_queue         array                   0     -    
#         num_last_reqs      integral                32    'd1  
#         num_last_rsps      integral                32    'd1  
#     sb_h                   scoreboard              -     @538 
#       score_imp_driver     uvm_analysis_imp_B      -     @555 
#       score_imp_mon        uvm_analysis_imp_A      -     @546 
# --------------------------------------------------------------
# 
# UVM_INFO ../agent/monitor.sv(42) @ 0: uvm_test_top.env_h.agent_h.mon_h [monitor] Reset is driving one!
# UVM_INFO ../agent/driver.sv(42) @ 0: uvm_test_top.env_h.agent_h.drv_h [driver] Reset is LOW
# UVM_INFO ../agent/seq_item.sv(37) @ 0: reporter@@seq_item [seq_item] SEQUENCE_ITEM_CALLED
# UVM_INFO ../agent/driver.sv(42) @ 5000: uvm_test_top.env_h.agent_h.drv_h [driver] Reset is LOW
# UVM_INFO ../agent/monitor.sv(42) @ 5000: uvm_test_top.env_h.agent_h.mon_h [monitor] Reset is driving one!
# UVM_INFO ../agent/seq_item.sv(37) @ 15000: reporter@@seq_item [seq_item] SEQUENCE_ITEM_CALLED
# UVM_INFO ../agent/sequence.sv(21) @ 15000: uvm_test_top.env_h.agent_h.seqr_h@@seq_h [] RANDOMIZED DATA
# UVM_INFO ../agent/driver.sv(36) @ 15000: uvm_test_top.env_h.agent_h.drv_h [driver] DATA PRINTING FROM DRIVER
# UVM_INFO ../env/scoreboard.sv(63) @ 5015000: uvm_test_top.env_h.sb_h [scoreboard] Data received from Monitor
# UVM_INFO ../agent/monitor.sv(71) @ 5015000: uvm_test_top.env_h.agent_h.mon_h [monitor] PRINTING VALUES FROM MONITOR
# ----------------------------------------------------------------
# Name                       Type                    Size  Value  
# ----------------------------------------------------------------
# itm_h                      seq_item                -     @782   
#   a11                      integral                2     'h0    
#   a12                      integral                2     'h1    
#   a21                      integral                2     'h3    
#   a22                      integral                2     'h0    
#   b11                      integral                2     'h2    
#   b12                      integral                2     'h3    
#   b21                      integral                2     'h2    
#   b22                      integral                2     'h0    
#   load_in                  integral                1     'h0    
#   result_out               integral                20    'h49802
#   valid                    integral                1     'h0    
# ----------------------------------------------------------------
# UVM_INFO ../agent/monitor.sv(74) @ 5015000: uvm_test_top.env_h.agent_h.mon_h [monitor] VIFF a11 : 0 , a12 : 1 , result_row00 : 49802
# UVM_INFO ../agent/monitor.sv(75) @ 5015000: uvm_test_top.env_h.agent_h.mon_h [monitor] VIFF a21 : 3 , a22 : 0
# UVM_INFO ../agent/monitor.sv(76) @ 5015000: uvm_test_top.env_h.agent_h.mon_h [monitor] VIFF b11 : 2 , b12 : 3
# UVM_INFO ../agent/monitor.sv(77) @ 5015000: uvm_test_top.env_h.agent_h.mon_h [monitor] VIFF b21 : 2 , b22 : 0
# UVM_INFO ../agent/seq_item.sv(37) @ 5015000: reporter@@seq_item [seq_item] SEQUENCE_ITEM_CALLED
# UVM_INFO ../env/scoreboard.sv(70) @ 5035000: uvm_test_top.env_h.sb_h [scoreboard] Data received from Driver
# UVM_INFO ../agent/driver.sv(76) @ 5035000: uvm_test_top.env_h.agent_h.drv_h [driver] PRINTING VALUES FROM DRIVER
# UVM_INFO ../agent/driver.sv(40) @ 5035000: uvm_test_top.env_h.agent_h.drv_h [driver] DATA passed to vif
# UVM_INFO ../env/scoreboard.sv(47) @ 5035000: uvm_test_top.env_h.sb_h [scoreboard] all results matched succesfully sooo Data matched 
# UVM_INFO ../agent/sequence.sv(26) @ 5035000: uvm_test_top.env_h.agent_h.seqr_h@@seq_h [seqence] DATA UPDATED IN SEQUENCE
# UVM_INFO ../agent/seq_item.sv(37) @ 5035000: reporter@@seq_item [seq_item] SEQUENCE_ITEM_CALLED
# UVM_INFO ../agent/sequence.sv(21) @ 5035000: uvm_test_top.env_h.agent_h.seqr_h@@seq_h [] RANDOMIZED DATA
# UVM_INFO ../agent/driver.sv(36) @ 5035000: uvm_test_top.env_h.agent_h.drv_h [driver] DATA PRINTING FROM DRIVER
# UVM_INFO ../env/scoreboard.sv(63) @ 10015000: uvm_test_top.env_h.sb_h [scoreboard] Data received from Monitor
# UVM_INFO ../agent/monitor.sv(71) @ 10015000: uvm_test_top.env_h.agent_h.mon_h [monitor] PRINTING VALUES FROM MONITOR
# ----------------------------------------------------------------
# Name                       Type                    Size  Value  
# ----------------------------------------------------------------
# itm_h                      seq_item                -     @786   
#   a11                      integral                2     'h2    
#   a12                      integral                2     'h3    
#   a21                      integral                2     'h2    
#   a22                      integral                2     'h1    
#   b11                      integral                2     'h0    
#   b12                      integral                2     'h0    
#   b21                      integral                2     'h3    
#   b22                      integral                2     'h1    
#   load_in                  integral                1     'h0    
#   result_out               integral                20    'h5246b
#   valid                    integral                1     'h0    
# ----------------------------------------------------------------
# UVM_INFO ../agent/monitor.sv(74) @ 10015000: uvm_test_top.env_h.agent_h.mon_h [monitor] VIFF a11 : 2 , a12 : 3 , result_row00 : 5246b
# UVM_INFO ../agent/monitor.sv(75) @ 10015000: uvm_test_top.env_h.agent_h.mon_h [monitor] VIFF a21 : 2 , a22 : 1
# UVM_INFO ../agent/monitor.sv(76) @ 10015000: uvm_test_top.env_h.agent_h.mon_h [monitor] VIFF b11 : 0 , b12 : 0
# UVM_INFO ../agent/monitor.sv(77) @ 10015000: uvm_test_top.env_h.agent_h.mon_h [monitor] VIFF b21 : 3 , b22 : 1
# UVM_INFO ../agent/seq_item.sv(37) @ 10015000: reporter@@seq_item [seq_item] SEQUENCE_ITEM_CALLED
# UVM_INFO ../env/scoreboard.sv(70) @ 10055000: uvm_test_top.env_h.sb_h [scoreboard] Data received from Driver
# UVM_INFO ../agent/driver.sv(76) @ 10055000: uvm_test_top.env_h.agent_h.drv_h [driver] PRINTING VALUES FROM DRIVER
# UVM_INFO ../agent/driver.sv(40) @ 10055000: uvm_test_top.env_h.agent_h.drv_h [driver] DATA passed to vif
# UVM_INFO ../env/scoreboard.sv(47) @ 10055000: uvm_test_top.env_h.sb_h [scoreboard] all results matched succesfully sooo Data matched 
# UVM_INFO ../agent/sequence.sv(26) @ 10055000: uvm_test_top.env_h.agent_h.seqr_h@@seq_h [seqence] DATA UPDATED IN SEQUENCE
# UVM_INFO ../agent/seq_item.sv(37) @ 10055000: reporter@@seq_item [seq_item] SEQUENCE_ITEM_CALLED
# UVM_INFO ../agent/sequence.sv(21) @ 10055000: uvm_test_top.env_h.agent_h.seqr_h@@seq_h [] RANDOMIZED DATA
# UVM_INFO ../agent/driver.sv(36) @ 10055000: uvm_test_top.env_h.agent_h.drv_h [driver] DATA PRINTING FROM DRIVER
# UVM_INFO ../env/scoreboard.sv(63) @ 15015000: uvm_test_top.env_h.sb_h [scoreboard] Data received from Monitor
# UVM_INFO ../agent/monitor.sv(71) @ 15015000: uvm_test_top.env_h.agent_h.mon_h [monitor] PRINTING VALUES FROM MONITOR
# ----------------------------------------------------------------
# Name                       Type                    Size  Value  
# ----------------------------------------------------------------
# itm_h                      seq_item                -     @795   
#   a11                      integral                2     'h1    
#   a12                      integral                2     'h0    
#   a21                      integral                2     'h1    
#   a22                      integral                2     'h2    
#   b11                      integral                2     'h3    
#   b12                      integral                2     'h1    
#   b21                      integral                2     'h2    
#   b22                      integral                2     'h0    
#   load_in                  integral                1     'h0    
#   result_out               integral                20    'h5c08e
#   valid                    integral                1     'h0    
# ----------------------------------------------------------------
# UVM_INFO ../agent/monitor.sv(74) @ 15015000: uvm_test_top.env_h.agent_h.mon_h [monitor] VIFF a11 : 1 , a12 : 0 , result_row00 : 5c08e
# UVM_INFO ../agent/monitor.sv(75) @ 15015000: uvm_test_top.env_h.agent_h.mon_h [monitor] VIFF a21 : 1 , a22 : 2
# UVM_INFO ../agent/monitor.sv(76) @ 15015000: uvm_test_top.env_h.agent_h.mon_h [monitor] VIFF b11 : 3 , b12 : 1
# UVM_INFO ../agent/monitor.sv(77) @ 15015000: uvm_test_top.env_h.agent_h.mon_h [monitor] VIFF b21 : 2 , b22 : 0
# UVM_INFO ../agent/seq_item.sv(37) @ 15015000: reporter@@seq_item [seq_item] SEQUENCE_ITEM_CALLED
# UVM_INFO ../env/scoreboard.sv(70) @ 15075000: uvm_test_top.env_h.sb_h [scoreboard] Data received from Driver
# UVM_INFO ../agent/driver.sv(76) @ 15075000: uvm_test_top.env_h.agent_h.drv_h [driver] PRINTING VALUES FROM DRIVER
# UVM_INFO ../agent/driver.sv(40) @ 15075000: uvm_test_top.env_h.agent_h.drv_h [driver] DATA passed to vif
# UVM_INFO ../env/scoreboard.sv(47) @ 15075000: uvm_test_top.env_h.sb_h [scoreboard] all results matched succesfully sooo Data matched 
# UVM_INFO ../agent/sequence.sv(26) @ 15075000: uvm_test_top.env_h.agent_h.seqr_h@@seq_h [seqence] DATA UPDATED IN SEQUENCE
# UVM_INFO ../agent/seq_item.sv(37) @ 15075000: reporter@@seq_item [seq_item] SEQUENCE_ITEM_CALLED
# UVM_INFO ../agent/sequence.sv(21) @ 15075000: uvm_test_top.env_h.agent_h.seqr_h@@seq_h [] RANDOMIZED DATA
# UVM_INFO ../agent/driver.sv(36) @ 15075000: uvm_test_top.env_h.agent_h.drv_h [driver] DATA PRINTING FROM DRIVER
# UVM_INFO ../env/scoreboard.sv(63) @ 20015000: uvm_test_top.env_h.sb_h [scoreboard] Data received from Monitor
# UVM_INFO ../agent/monitor.sv(71) @ 20015000: uvm_test_top.env_h.agent_h.mon_h [monitor] PRINTING VALUES FROM MONITOR
# ----------------------------------------------------------------
# Name                       Type                    Size  Value  
# ----------------------------------------------------------------
# itm_h                      seq_item                -     @803   
#   a11                      integral                2     'h0    
#   a12                      integral                2     'h1    
#   a21                      integral                2     'h1    
#   a22                      integral                2     'h1    
#   b11                      integral                2     'h2    
#   b12                      integral                2     'h0    
#   b21                      integral                2     'h1    
#   b22                      integral                2     'h3    
#   load_in                  integral                1     'h0    
#   result_out               integral                20    'h74cef
#   valid                    integral                1     'h0    
# ----------------------------------------------------------------
# UVM_INFO ../agent/monitor.sv(74) @ 20015000: uvm_test_top.env_h.agent_h.mon_h [monitor] VIFF a11 : 0 , a12 : 1 , result_row00 : 74cef
# UVM_INFO ../agent/monitor.sv(75) @ 20015000: uvm_test_top.env_h.agent_h.mon_h [monitor] VIFF a21 : 1 , a22 : 1
# UVM_INFO ../agent/monitor.sv(76) @ 20015000: uvm_test_top.env_h.agent_h.mon_h [monitor] VIFF b11 : 2 , b12 : 0
# UVM_INFO ../agent/monitor.sv(77) @ 20015000: uvm_test_top.env_h.agent_h.mon_h [monitor] VIFF b21 : 1 , b22 : 3
# UVM_INFO ../agent/seq_item.sv(37) @ 20015000: reporter@@seq_item [seq_item] SEQUENCE_ITEM_CALLED
# UVM_INFO ../env/scoreboard.sv(70) @ 20095000: uvm_test_top.env_h.sb_h [scoreboard] Data received from Driver
# UVM_INFO ../agent/driver.sv(76) @ 20095000: uvm_test_top.env_h.agent_h.drv_h [driver] PRINTING VALUES FROM DRIVER
# UVM_INFO ../agent/driver.sv(40) @ 20095000: uvm_test_top.env_h.agent_h.drv_h [driver] DATA passed to vif
# UVM_INFO ../env/scoreboard.sv(47) @ 20095000: uvm_test_top.env_h.sb_h [scoreboard] all results matched succesfully sooo Data matched 
# UVM_INFO ../agent/sequence.sv(26) @ 20095000: uvm_test_top.env_h.agent_h.seqr_h@@seq_h [seqence] DATA UPDATED IN SEQUENCE
# UVM_INFO ../agent/seq_item.sv(37) @ 20095000: reporter@@seq_item [seq_item] SEQUENCE_ITEM_CALLED
# UVM_INFO ../agent/sequence.sv(21) @ 20095000: uvm_test_top.env_h.agent_h.seqr_h@@seq_h [] RANDOMIZED DATA
# UVM_INFO ../agent/driver.sv(36) @ 20095000: uvm_test_top.env_h.agent_h.drv_h [driver] DATA PRINTING FROM DRIVER
# UVM_INFO ../env/scoreboard.sv(63) @ 25015000: uvm_test_top.env_h.sb_h [scoreboard] Data received from Monitor
# UVM_INFO ../agent/monitor.sv(71) @ 25015000: uvm_test_top.env_h.agent_h.mon_h [monitor] PRINTING VALUES FROM MONITOR
# ----------------------------------------------------------------
# Name                       Type                    Size  Value  
# ----------------------------------------------------------------
# itm_h                      seq_item                -     @811   
#   a11                      integral                2     'h0    
#   a12                      integral                2     'h1    
#   a21                      integral                2     'h1    
#   a22                      integral                2     'h1    
#   b11                      integral                2     'h2    
#   b12                      integral                2     'h0    
#   b21                      integral                2     'h1    
#   b22                      integral                2     'h3    
#   load_in                  integral                1     'h0    
#   result_out               integral                20    'h8d950
#   valid                    integral                1     'h0    
# ----------------------------------------------------------------
# UVM_INFO ../agent/monitor.sv(74) @ 25015000: uvm_test_top.env_h.agent_h.mon_h [monitor] VIFF a11 : 0 , a12 : 1 , result_row00 : 8d950
# UVM_INFO ../agent/monitor.sv(75) @ 25015000: uvm_test_top.env_h.agent_h.mon_h [monitor] VIFF a21 : 1 , a22 : 1
# UVM_INFO ../agent/monitor.sv(76) @ 25015000: uvm_test_top.env_h.agent_h.mon_h [monitor] VIFF b11 : 2 , b12 : 0
# UVM_INFO ../agent/monitor.sv(77) @ 25015000: uvm_test_top.env_h.agent_h.mon_h [monitor] VIFF b21 : 1 , b22 : 3
# UVM_INFO ../agent/seq_item.sv(37) @ 25015000: reporter@@seq_item [seq_item] SEQUENCE_ITEM_CALLED
# UVM_INFO ../env/scoreboard.sv(70) @ 25115000: uvm_test_top.env_h.sb_h [scoreboard] Data received from Driver
# UVM_INFO ../agent/driver.sv(76) @ 25115000: uvm_test_top.env_h.agent_h.drv_h [driver] PRINTING VALUES FROM DRIVER
# UVM_INFO ../agent/driver.sv(40) @ 25115000: uvm_test_top.env_h.agent_h.drv_h [driver] DATA passed to vif
# UVM_INFO ../env/scoreboard.sv(47) @ 25115000: uvm_test_top.env_h.sb_h [scoreboard] all results matched succesfully sooo Data matched 
# UVM_INFO ../agent/sequence.sv(26) @ 25115000: uvm_test_top.env_h.agent_h.seqr_h@@seq_h [seqence] DATA UPDATED IN SEQUENCE
# UVM_INFO ../agent/seq_item.sv(37) @ 25115000: reporter@@seq_item [seq_item] SEQUENCE_ITEM_CALLED
# UVM_INFO ../agent/sequence.sv(21) @ 25115000: uvm_test_top.env_h.agent_h.seqr_h@@seq_h [] RANDOMIZED DATA
# UVM_INFO ../agent/driver.sv(36) @ 25115000: uvm_test_top.env_h.agent_h.drv_h [driver] DATA PRINTING FROM DRIVER
# UVM_INFO ../env/scoreboard.sv(63) @ 30015000: uvm_test_top.env_h.sb_h [scoreboard] Data received from Monitor
# UVM_INFO ../agent/monitor.sv(71) @ 30015000: uvm_test_top.env_h.agent_h.mon_h [monitor] PRINTING VALUES FROM MONITOR
# ----------------------------------------------------------------
# Name                       Type                    Size  Value  
# ----------------------------------------------------------------
# itm_h                      seq_item                -     @819   
#   a11                      integral                2     'h1    
#   a12                      integral                2     'h3    
#   a21                      integral                2     'h2    
#   a22                      integral                2     'h3    
#   b11                      integral                2     'h3    
#   b12                      integral                2     'h1    
#   b21                      integral                2     'h2    
#   b22                      integral                2     'h1    
#   load_in                  integral                1     'h0    
#   result_out               integral                20    'hb09d9
#   valid                    integral                1     'h0    
# ----------------------------------------------------------------
# UVM_INFO ../agent/monitor.sv(74) @ 30015000: uvm_test_top.env_h.agent_h.mon_h [monitor] VIFF a11 : 1 , a12 : 3 , result_row00 : b09d9
# UVM_INFO ../agent/monitor.sv(75) @ 30015000: uvm_test_top.env_h.agent_h.mon_h [monitor] VIFF a21 : 2 , a22 : 3
# UVM_INFO ../agent/monitor.sv(76) @ 30015000: uvm_test_top.env_h.agent_h.mon_h [monitor] VIFF b11 : 3 , b12 : 1
# UVM_INFO ../agent/monitor.sv(77) @ 30015000: uvm_test_top.env_h.agent_h.mon_h [monitor] VIFF b21 : 2 , b22 : 1
# UVM_INFO ../agent/seq_item.sv(37) @ 30015000: reporter@@seq_item [seq_item] SEQUENCE_ITEM_CALLED
# UVM_INFO ../env/scoreboard.sv(70) @ 30135000: uvm_test_top.env_h.sb_h [scoreboard] Data received from Driver
# UVM_INFO ../agent/driver.sv(76) @ 30135000: uvm_test_top.env_h.agent_h.drv_h [driver] PRINTING VALUES FROM DRIVER
# UVM_INFO ../agent/driver.sv(40) @ 30135000: uvm_test_top.env_h.agent_h.drv_h [driver] DATA passed to vif
# UVM_INFO ../env/scoreboard.sv(47) @ 30135000: uvm_test_top.env_h.sb_h [scoreboard] all results matched succesfully sooo Data matched 
# UVM_INFO ../agent/sequence.sv(26) @ 30135000: uvm_test_top.env_h.agent_h.seqr_h@@seq_h [seqence] DATA UPDATED IN SEQUENCE
# UVM_INFO ../agent/seq_item.sv(37) @ 30135000: reporter@@seq_item [seq_item] SEQUENCE_ITEM_CALLED
# UVM_INFO ../agent/sequence.sv(21) @ 30135000: uvm_test_top.env_h.agent_h.seqr_h@@seq_h [] RANDOMIZED DATA
# UVM_INFO ../agent/driver.sv(36) @ 30135000: uvm_test_top.env_h.agent_h.drv_h [driver] DATA PRINTING FROM DRIVER
# UVM_INFO ../env/scoreboard.sv(63) @ 35015000: uvm_test_top.env_h.sb_h [scoreboard] Data received from Monitor
# UVM_INFO ../agent/monitor.sv(71) @ 35015000: uvm_test_top.env_h.agent_h.mon_h [monitor] PRINTING VALUES FROM MONITOR
# ----------------------------------------------------------------
# Name                       Type                    Size  Value  
# ----------------------------------------------------------------
# itm_h                      seq_item                -     @827   
#   a11                      integral                2     'h0    
#   a12                      integral                2     'h2    
#   a21                      integral                2     'h2    
#   a22                      integral                2     'h1    
#   b11                      integral                2     'h0    
#   b12                      integral                2     'h2    
#   b21                      integral                2     'h3    
#   b22                      integral                2     'h0    
#   load_in                  integral                1     'h0    
#   result_out               integral                20    'hd15df
#   valid                    integral                1     'h0    
# ----------------------------------------------------------------
# UVM_INFO ../agent/monitor.sv(74) @ 35015000: uvm_test_top.env_h.agent_h.mon_h [monitor] VIFF a11 : 0 , a12 : 2 , result_row00 : d15df
# UVM_INFO ../agent/monitor.sv(75) @ 35015000: uvm_test_top.env_h.agent_h.mon_h [monitor] VIFF a21 : 2 , a22 : 1
# UVM_INFO ../agent/monitor.sv(76) @ 35015000: uvm_test_top.env_h.agent_h.mon_h [monitor] VIFF b11 : 0 , b12 : 2
# UVM_INFO ../agent/monitor.sv(77) @ 35015000: uvm_test_top.env_h.agent_h.mon_h [monitor] VIFF b21 : 3 , b22 : 0
# UVM_INFO ../agent/seq_item.sv(37) @ 35015000: reporter@@seq_item [seq_item] SEQUENCE_ITEM_CALLED
# UVM_INFO ../env/scoreboard.sv(70) @ 35155000: uvm_test_top.env_h.sb_h [scoreboard] Data received from Driver
# UVM_INFO ../agent/driver.sv(76) @ 35155000: uvm_test_top.env_h.agent_h.drv_h [driver] PRINTING VALUES FROM DRIVER
# UVM_INFO ../agent/driver.sv(40) @ 35155000: uvm_test_top.env_h.agent_h.drv_h [driver] DATA passed to vif
# UVM_INFO ../env/scoreboard.sv(47) @ 35155000: uvm_test_top.env_h.sb_h [scoreboard] all results matched succesfully sooo Data matched 
# UVM_INFO ../agent/sequence.sv(26) @ 35155000: uvm_test_top.env_h.agent_h.seqr_h@@seq_h [seqence] DATA UPDATED IN SEQUENCE
# UVM_INFO ../agent/seq_item.sv(37) @ 35155000: reporter@@seq_item [seq_item] SEQUENCE_ITEM_CALLED
# UVM_INFO ../agent/sequence.sv(21) @ 35155000: uvm_test_top.env_h.agent_h.seqr_h@@seq_h [] RANDOMIZED DATA
# UVM_INFO ../agent/driver.sv(36) @ 35155000: uvm_test_top.env_h.agent_h.drv_h [driver] DATA PRINTING FROM DRIVER
# UVM_INFO ../env/scoreboard.sv(63) @ 40015000: uvm_test_top.env_h.sb_h [scoreboard] Data received from Monitor
# UVM_INFO ../agent/monitor.sv(71) @ 40015000: uvm_test_top.env_h.agent_h.mon_h [monitor] PRINTING VALUES FROM MONITOR
# ----------------------------------------------------------------
# Name                       Type                    Size  Value  
# ----------------------------------------------------------------
# itm_h                      seq_item                -     @835   
#   a11                      integral                2     'h0    
#   a12                      integral                2     'h1    
#   a21                      integral                2     'h0    
#   a22                      integral                2     'h0    
#   b11                      integral                2     'h3    
#   b12                      integral                2     'h1    
#   b21                      integral                2     'h2    
#   b22                      integral                2     'h2    
#   load_in                  integral                1     'h0    
#   result_out               integral                20    'hd1601
#   valid                    integral                1     'h0    
# ----------------------------------------------------------------
# UVM_INFO ../agent/monitor.sv(74) @ 40015000: uvm_test_top.env_h.agent_h.mon_h [monitor] VIFF a11 : 0 , a12 : 1 , result_row00 : d1601
# UVM_INFO ../agent/monitor.sv(75) @ 40015000: uvm_test_top.env_h.agent_h.mon_h [monitor] VIFF a21 : 0 , a22 : 0
# UVM_INFO ../agent/monitor.sv(76) @ 40015000: uvm_test_top.env_h.agent_h.mon_h [monitor] VIFF b11 : 3 , b12 : 1
# UVM_INFO ../agent/monitor.sv(77) @ 40015000: uvm_test_top.env_h.agent_h.mon_h [monitor] VIFF b21 : 2 , b22 : 2
# UVM_INFO ../agent/seq_item.sv(37) @ 40015000: reporter@@seq_item [seq_item] SEQUENCE_ITEM_CALLED
# UVM_INFO ../env/scoreboard.sv(70) @ 40175000: uvm_test_top.env_h.sb_h [scoreboard] Data received from Driver
# UVM_INFO ../agent/driver.sv(76) @ 40175000: uvm_test_top.env_h.agent_h.drv_h [driver] PRINTING VALUES FROM DRIVER
# UVM_INFO ../agent/driver.sv(40) @ 40175000: uvm_test_top.env_h.agent_h.drv_h [driver] DATA passed to vif
# UVM_INFO ../env/scoreboard.sv(47) @ 40175000: uvm_test_top.env_h.sb_h [scoreboard] all results matched succesfully sooo Data matched 
# UVM_INFO ../agent/sequence.sv(26) @ 40175000: uvm_test_top.env_h.agent_h.seqr_h@@seq_h [seqence] DATA UPDATED IN SEQUENCE
# UVM_INFO ../agent/seq_item.sv(37) @ 40175000: reporter@@seq_item [seq_item] SEQUENCE_ITEM_CALLED
# UVM_INFO ../agent/sequence.sv(21) @ 40175000: uvm_test_top.env_h.agent_h.seqr_h@@seq_h [] RANDOMIZED DATA
# UVM_INFO ../agent/driver.sv(36) @ 40175000: uvm_test_top.env_h.agent_h.drv_h [driver] DATA PRINTING FROM DRIVER
# UVM_INFO ../env/scoreboard.sv(63) @ 45015000: uvm_test_top.env_h.sb_h [scoreboard] Data received from Monitor
# UVM_INFO ../agent/monitor.sv(71) @ 45015000: uvm_test_top.env_h.agent_h.mon_h [monitor] PRINTING VALUES FROM MONITOR
# ----------------------------------------------------------------
# Name                       Type                    Size  Value  
# ----------------------------------------------------------------
# itm_h                      seq_item                -     @843   
#   a11                      integral                2     'h3    
#   a12                      integral                2     'h2    
#   a21                      integral                2     'h3    
#   a22                      integral                2     'h0    
#   b11                      integral                2     'h0    
#   b12                      integral                2     'h1    
#   b21                      integral                2     'h1    
#   b22                      integral                2     'h0    
#   load_in                  integral                1     'h0    
#   result_out               integral                20    'he9663
#   valid                    integral                1     'h0    
# ----------------------------------------------------------------
# UVM_INFO ../agent/monitor.sv(74) @ 45015000: uvm_test_top.env_h.agent_h.mon_h [monitor] VIFF a11 : 3 , a12 : 2 , result_row00 : e9663
# UVM_INFO ../agent/monitor.sv(75) @ 45015000: uvm_test_top.env_h.agent_h.mon_h [monitor] VIFF a21 : 3 , a22 : 0
# UVM_INFO ../agent/monitor.sv(76) @ 45015000: uvm_test_top.env_h.agent_h.mon_h [monitor] VIFF b11 : 0 , b12 : 1
# UVM_INFO ../agent/monitor.sv(77) @ 45015000: uvm_test_top.env_h.agent_h.mon_h [monitor] VIFF b21 : 1 , b22 : 0
# UVM_INFO ../agent/seq_item.sv(37) @ 45015000: reporter@@seq_item [seq_item] SEQUENCE_ITEM_CALLED
# UVM_INFO ../env/scoreboard.sv(70) @ 45195000: uvm_test_top.env_h.sb_h [scoreboard] Data received from Driver
# UVM_INFO ../agent/driver.sv(76) @ 45195000: uvm_test_top.env_h.agent_h.drv_h [driver] PRINTING VALUES FROM DRIVER
# UVM_INFO ../agent/driver.sv(40) @ 45195000: uvm_test_top.env_h.agent_h.drv_h [driver] DATA passed to vif
# UVM_INFO ../env/scoreboard.sv(47) @ 45195000: uvm_test_top.env_h.sb_h [scoreboard] all results matched succesfully sooo Data matched 
# UVM_INFO ../agent/sequence.sv(26) @ 45195000: uvm_test_top.env_h.agent_h.seqr_h@@seq_h [seqence] DATA UPDATED IN SEQUENCE
# UVM_INFO ../agent/seq_item.sv(37) @ 45195000: reporter@@seq_item [seq_item] SEQUENCE_ITEM_CALLED
# UVM_INFO ../agent/sequence.sv(21) @ 45195000: uvm_test_top.env_h.agent_h.seqr_h@@seq_h [] RANDOMIZED DATA
# UVM_INFO ../agent/driver.sv(36) @ 45195000: uvm_test_top.env_h.agent_h.drv_h [driver] DATA PRINTING FROM DRIVER
# UVM_INFO ../env/scoreboard.sv(63) @ 50015000: uvm_test_top.env_h.sb_h [scoreboard] Data received from Monitor
# UVM_INFO ../agent/monitor.sv(71) @ 50015000: uvm_test_top.env_h.agent_h.mon_h [monitor] PRINTING VALUES FROM MONITOR
# ----------------------------------------------------------------
# Name                       Type                    Size  Value  
# ----------------------------------------------------------------
# itm_h                      seq_item                -     @851   
#   a11                      integral                2     'h0    
#   a12                      integral                2     'h1    
#   a21                      integral                2     'h2    
#   a22                      integral                2     'h2    
#   b11                      integral                2     'h0    
#   b12                      integral                2     'h2    
#   b21                      integral                2     'h3    
#   b22                      integral                2     'h1    
#   load_in                  integral                1     'h0    
#   result_out               integral                20    'h1ae86
#   valid                    integral                1     'h0    
# ----------------------------------------------------------------
# UVM_INFO ../agent/monitor.sv(74) @ 50015000: uvm_test_top.env_h.agent_h.mon_h [monitor] VIFF a11 : 0 , a12 : 1 , result_row00 : 1ae86
# UVM_INFO ../agent/monitor.sv(75) @ 50015000: uvm_test_top.env_h.agent_h.mon_h [monitor] VIFF a21 : 2 , a22 : 2
# UVM_INFO ../agent/monitor.sv(76) @ 50015000: uvm_test_top.env_h.agent_h.mon_h [monitor] VIFF b11 : 0 , b12 : 2
# UVM_INFO ../agent/monitor.sv(77) @ 50015000: uvm_test_top.env_h.agent_h.mon_h [monitor] VIFF b21 : 3 , b22 : 1
# UVM_INFO ../agent/seq_item.sv(37) @ 50015000: reporter@@seq_item [seq_item] SEQUENCE_ITEM_CALLED
# UVM_INFO ../env/scoreboard.sv(70) @ 50215000: uvm_test_top.env_h.sb_h [scoreboard] Data received from Driver
# UVM_INFO ../agent/driver.sv(76) @ 50215000: uvm_test_top.env_h.agent_h.drv_h [driver] PRINTING VALUES FROM DRIVER
# UVM_INFO ../agent/driver.sv(40) @ 50215000: uvm_test_top.env_h.agent_h.drv_h [driver] DATA passed to vif
# UVM_INFO ../env/scoreboard.sv(47) @ 50215000: uvm_test_top.env_h.sb_h [scoreboard] all results matched succesfully sooo Data matched 
# UVM_INFO ../agent/sequence.sv(26) @ 50215000: uvm_test_top.env_h.agent_h.seqr_h@@seq_h [seqence] DATA UPDATED IN SEQUENCE
# UVM_INFO verilog_src/uvm-1.1c/src/base/uvm_objection.svh(1121) @ 50215000: reporter [TEST_DONE] 'run' phase is ready to proceed to the 'extract' phase
# UVM_INFO ../agent/monitor.sv(84) @ 50215000: uvm_test_top.env_h.agent_h.mon_h [monitor] total number of Transactions from monitor : 10
# UVM_INFO ../env/scoreboard.sv(76) @ 50215000: uvm_test_top.env_h.sb_h [scoreboard] total number of Transactions from scoreboard : 10
# 
# --- UVM Report Summary ---
# 
# ** Report counts by severity
# UVM_INFO :  171
# UVM_WARNING :    0
# UVM_ERROR :    0
# UVM_FATAL :    0
# ** Report counts by id
# []    12
# [Questa UVM]     2
# [RNTST]     1
# [TEST_DONE]     1
# [UVMTOP]     1
# [agent]     1
# [driver]    34
# [env]     1
# [monitor]    55
# [scoreboard]    32
# [seq_item]    21
# [seqence]    10
# ** Note: $finish    : C:/questasim_10.1d/win32/../verilog_src/uvm-1.1c/src/base/uvm_root.svh(427)
#    Time: 50215 ns  Iteration: 60  Instance: /top_module
